// Jest Snapshot v1, https://goo.gl/fbAQLP

exports[`Selector Snapshot Test 1`] = `
<div
  className="company-selector-container"
>
  <div
    className="company-item-container"
    onClick={[Function]}
  >
    <div
      className="company-item-row"
    >
      <span
        className="company-item-name"
      >
        Name
      </span>
      <span
        className="company-item-divider"
      />
      <span>
        City State
      </span>
    </div>
    <div
      className="company-item-row"
    >
      Description
    </div>
  </div>
</div>
`;
