// Jest Snapshot v1, https://goo.gl/fbAQLP

exports[`renders skeleton table without data 1`] = `
<div>
  <div
    class="Toastify"
  />
  <div
    class="ag-theme-alpine skeleton"
  >
    <div
      style="height: 100%;"
    >
      <div
        class="ag-root-wrapper ag-layout-normal ag-ltr"
        ref="eRootWrapper"
      >
        
                
                
        <div
          class="ag-root-wrapper-body ag-layout-normal ag-focus-managed"
          ref="rootWrapperBody"
        >
          <div
            class="ag-tab-guard ag-tab-guard-top"
            role="presentation"
            tabindex="0"
          />
          
                    
          <!--AG-GRID-COMP-->
          <div
            aria-colcount="5"
            aria-rowcount="13"
            class="ag-root ag-unselectable ag-layout-normal"
            ref="gridPanel"
            role="grid"
            unselectable="on"
          >
            
        
            <!--AG-HEADER-ROOT-->
            <div
              class="ag-header ag-focus-managed ag-pivot-off"
              ref="headerRoot"
              role="presentation"
              style="height: 49px; min-height: 49px;"
              unselectable="on"
            >
              
            
              <div
                class="ag-pinned-left-header ag-hidden"
                ref="ePinnedLeftHeader"
                role="presentation"
                style="width: 0px; max-width: 0px; min-width: 0px;"
              >
                <div
                  aria-rowindex="1"
                  class="ag-header-row ag-header-row-column"
                  role="row"
                  style="top: 0px; height: 48px; width: 0px;"
                />
              </div>
              
            
              <div
                class="ag-header-viewport"
                ref="eHeaderViewport"
                role="presentation"
              >
                
                
                <div
                  class="ag-header-container"
                  ref="eHeaderContainer"
                  role="rowgroup"
                  style="width: 1000px;"
                >
                  <div
                    aria-rowindex="1"
                    class="ag-header-row ag-header-row-column"
                    role="row"
                    style="top: 0px; height: 48px; width: 1000px;"
                  >
                    <div
                      aria-colindex="1"
                      class="ag-header-cell ag-focus-managed"
                      col-id="id"
                      role="columnheader"
                      style="width: 200px; left: 0px;"
                      tabindex="-1"
                      unselectable="on"
                    >
                      
            
                      <div
                        class="ag-header-cell-resize ag-hidden"
                        ref="eResize"
                        role="presentation"
                      />
                      
            
                      <!--AG-CHECKBOX-->
                      <div
                        class="ag-header-select-all ag-labeled ag-label-align-right ag-checkbox ag-input-field ag-hidden"
                        ref="cbSelectAll"
                        role="presentation"
                      >
                        
                
                        <div
                          class="ag-input-field-label ag-label ag-hidden ag-checkbox-label"
                          ref="eLabel"
                        />
                        
                
                        <div
                          class="ag-wrapper ag-input-wrapper ag-checkbox-input-wrapper"
                          ref="eWrapper"
                          role="presentation"
                        >
                          
                    
                          <input
                            aria-label="Press Space to toggle all rows selection (unchecked)"
                            class="ag-input-field-input ag-checkbox-input"
                            id="ag-9-input"
                            ref="eInput"
                            tabindex="-1"
                            type="checkbox"
                          />
                          
                
                        </div>
                        
            
                      </div>
                      
        
                      <div
                        class="ag-cell-label-container"
                      >
                        
            
                        
            
                        <div
                          class="ag-header-cell-label"
                          ref="eLabel"
                          role="presentation"
                          unselectable="on"
                        >
                          
                
                          <span
                            class="ag-header-cell-text"
                            ref="eText"
                            unselectable="on"
                          >
                            Id
                          </span>
                          
                
                          <span
                            aria-hidden="true"
                            class="ag-header-icon ag-header-label-icon ag-filter-icon ag-hidden"
                            ref="eFilter"
                          >
                            <span
                              class="ag-icon ag-icon-filter"
                              role="presentation"
                              unselectable="on"
                            />
                          </span>
                          
                
                          
                
                          
                
                          
                
                          
            
                        </div>
                        
        
                      </div>
                    </div>
                    <div
                      aria-colindex="2"
                      class="ag-header-cell ag-focus-managed"
                      col-id="name"
                      role="columnheader"
                      style="width: 200px; left: 200px;"
                      tabindex="-1"
                      unselectable="on"
                    >
                      
            
                      <div
                        class="ag-header-cell-resize ag-hidden"
                        ref="eResize"
                        role="presentation"
                      />
                      
            
                      <!--AG-CHECKBOX-->
                      <div
                        class="ag-header-select-all ag-labeled ag-label-align-right ag-checkbox ag-input-field ag-hidden"
                        ref="cbSelectAll"
                        role="presentation"
                      >
                        
                
                        <div
                          class="ag-input-field-label ag-label ag-hidden ag-checkbox-label"
                          ref="eLabel"
                        />
                        
                
                        <div
                          class="ag-wrapper ag-input-wrapper ag-checkbox-input-wrapper"
                          ref="eWrapper"
                          role="presentation"
                        >
                          
                    
                          <input
                            aria-label="Press Space to toggle all rows selection (unchecked)"
                            class="ag-input-field-input ag-checkbox-input"
                            id="ag-12-input"
                            ref="eInput"
                            tabindex="-1"
                            type="checkbox"
                          />
                          
                
                        </div>
                        
            
                      </div>
                      
        
                      <div
                        class="ag-cell-label-container"
                      >
                        
            
                        
            
                        <div
                          class="ag-header-cell-label"
                          ref="eLabel"
                          role="presentation"
                          unselectable="on"
                        >
                          
                
                          <span
                            class="ag-header-cell-text"
                            ref="eText"
                            unselectable="on"
                          >
                            Name
                          </span>
                          
                
                          <span
                            aria-hidden="true"
                            class="ag-header-icon ag-header-label-icon ag-filter-icon ag-hidden"
                            ref="eFilter"
                          >
                            <span
                              class="ag-icon ag-icon-filter"
                              role="presentation"
                              unselectable="on"
                            />
                          </span>
                          
                
                          
                
                          
                
                          
                
                          
            
                        </div>
                        
        
                      </div>
                    </div>
                  </div>
                </div>
                
            
              </div>
              
            
              <div
                class="ag-pinned-right-header ag-hidden"
                ref="ePinnedRightHeader"
                role="presentation"
                style="width: 0px; max-width: 0px; min-width: 0px;"
              >
                <div
                  aria-rowindex="1"
                  class="ag-header-row ag-header-row-column"
                  role="row"
                  style="top: 0px; height: 48px; width: 0px;"
                />
              </div>
              
        
            </div>
            
        
            <div
              class="ag-floating-top"
              ref="eTop"
              role="presentation"
              style="min-height: 0px; height: 0px; display: none; overflow-y: hidden;"
              unselectable="on"
            >
              
            
              <div
                class="ag-pinned-left-floating-top ag-hidden"
                ref="eLeftTop"
                role="presentation"
                unselectable="on"
              />
              
            
              <div
                class="ag-floating-top-viewport"
                ref="eTopViewport"
                role="presentation"
                unselectable="on"
              >
                
                
                <div
                  class="ag-floating-top-container"
                  ref="eTopContainer"
                  role="presentation"
                  style="width: 1000px;"
                  unselectable="on"
                />
                
            
              </div>
              
            
              <div
                class="ag-pinned-right-floating-top ag-hidden"
                ref="eRightTop"
                role="presentation"
                unselectable="on"
              />
              
            
              <div
                class="ag-floating-top-full-width-container ag-hidden"
                ref="eTopFullWidthContainer"
                role="presentation"
                unselectable="on"
              />
              
        
            </div>
            
        
            <div
              class="ag-body-viewport ag-layout-normal ag-row-no-animation"
              ref="eBodyViewport"
              role="presentation"
            >
              
            
              <div
                class="ag-pinned-left-cols-container ag-hidden"
                ref="eLeftContainer"
                role="presentation"
                style="height: 540px;"
                unselectable="on"
              >
                <div
                  aria-label="Press SPACE to select this row."
                  aria-rowindex="2"
                  class="ag-row ag-row-no-focus ag-row-even ag-row-level-0 ag-row-position-absolute ag-row-first"
                  comp-id="14"
                  role="row"
                  row-id="0"
                  row-index="0"
                  style="height: 45px; transform: translateY(0px); "
                />
                <div
                  aria-label="Press SPACE to select this row."
                  aria-rowindex="3"
                  class="ag-row ag-row-no-focus ag-row-odd ag-row-level-0 ag-row-position-absolute"
                  comp-id="17"
                  role="row"
                  row-id="1"
                  row-index="1"
                  style="height: 45px; transform: translateY(45px); "
                />
                <div
                  aria-label="Press SPACE to select this row."
                  aria-rowindex="4"
                  class="ag-row ag-row-no-focus ag-row-even ag-row-level-0 ag-row-position-absolute"
                  comp-id="20"
                  role="row"
                  row-id="2"
                  row-index="2"
                  style="height: 45px; transform: translateY(90px); "
                />
                <div
                  aria-label="Press SPACE to select this row."
                  aria-rowindex="5"
                  class="ag-row ag-row-no-focus ag-row-odd ag-row-level-0 ag-row-position-absolute"
                  comp-id="23"
                  role="row"
                  row-id="3"
                  row-index="3"
                  style="height: 45px; transform: translateY(135px); "
                />
                <div
                  aria-label="Press SPACE to select this row."
                  aria-rowindex="6"
                  class="ag-row ag-row-no-focus ag-row-even ag-row-level-0 ag-row-position-absolute"
                  comp-id="26"
                  role="row"
                  row-id="4"
                  row-index="4"
                  style="height: 45px; transform: translateY(180px); "
                />
                <div
                  aria-label="Press SPACE to select this row."
                  aria-rowindex="7"
                  class="ag-row ag-row-no-focus ag-row-odd ag-row-level-0 ag-row-position-absolute"
                  comp-id="29"
                  role="row"
                  row-id="5"
                  row-index="5"
                  style="height: 45px; transform: translateY(225px); "
                />
                <div
                  aria-label="Press SPACE to select this row."
                  aria-rowindex="8"
                  class="ag-row ag-row-no-focus ag-row-even ag-row-level-0 ag-row-position-absolute"
                  comp-id="32"
                  role="row"
                  row-id="6"
                  row-index="6"
                  style="height: 45px; transform: translateY(270px); "
                />
                <div
                  aria-label="Press SPACE to select this row."
                  aria-rowindex="9"
                  class="ag-row ag-row-no-focus ag-row-odd ag-row-level-0 ag-row-position-absolute"
                  comp-id="35"
                  role="row"
                  row-id="7"
                  row-index="7"
                  style="height: 45px; transform: translateY(315px); "
                />
                <div
                  aria-label="Press SPACE to select this row."
                  aria-rowindex="10"
                  class="ag-row ag-row-no-focus ag-row-even ag-row-level-0 ag-row-position-absolute"
                  comp-id="38"
                  role="row"
                  row-id="8"
                  row-index="8"
                  style="height: 45px; transform: translateY(360px); "
                />
                <div
                  aria-label="Press SPACE to select this row."
                  aria-rowindex="11"
                  class="ag-row ag-row-no-focus ag-row-odd ag-row-level-0 ag-row-position-absolute"
                  comp-id="41"
                  role="row"
                  row-id="9"
                  row-index="9"
                  style="height: 45px; transform: translateY(405px); "
                />
                <div
                  aria-label="Press SPACE to select this row."
                  aria-rowindex="12"
                  class="ag-row ag-row-no-focus ag-row-even ag-row-level-0 ag-row-position-absolute"
                  comp-id="44"
                  role="row"
                  row-id="10"
                  row-index="10"
                  style="height: 45px; transform: translateY(450px); "
                />
              </div>
              
            
              <div
                class="ag-center-cols-clipper"
                ref="eCenterColsClipper"
                role="presentation"
                style="height: 540px;"
                unselectable="on"
              >
                
                
                <div
                  class="ag-center-cols-viewport"
                  ref="eCenterViewport"
                  role="presentation"
                  style="height: calc(100% + 0px);"
                >
                  
                    
                  <div
                    class="ag-center-cols-container"
                    ref="eCenterContainer"
                    role="rowgroup"
                    style="width: 1000px; height: 540px;"
                    unselectable="on"
                  >
                    <div
                      aria-label="Press SPACE to select this row."
                      aria-rowindex="2"
                      class="ag-row ag-row-no-focus ag-row-even ag-row-level-0 ag-row-position-absolute ag-row-first"
                      comp-id="14"
                      role="row"
                      row-id="0"
                      row-index="0"
                      style="height: 45px; transform: translateY(0px); "
                    >
                      <div
                        aria-colindex="1"
                        class="ag-cell ag-cell-not-inline-editing ag-cell-auto-height ag-cell-value"
                        col-id="id"
                        comp-id="15"
                        role="gridcell"
                        style="width: 200px; left: 0px;  "
                        tabindex="-1"
                        unselectable="on"
                      />
                      <div
                        aria-colindex="2"
                        class="ag-cell ag-cell-not-inline-editing ag-cell-auto-height ag-cell-value"
                        col-id="name"
                        comp-id="16"
                        role="gridcell"
                        style="width: 200px; left: 200px;  "
                        tabindex="-1"
                        unselectable="on"
                      />
                    </div>
                    <div
                      aria-label="Press SPACE to select this row."
                      aria-rowindex="3"
                      class="ag-row ag-row-no-focus ag-row-odd ag-row-level-0 ag-row-position-absolute"
                      comp-id="17"
                      role="row"
                      row-id="1"
                      row-index="1"
                      style="height: 45px; transform: translateY(45px); "
                    >
                      <div
                        aria-colindex="1"
                        class="ag-cell ag-cell-not-inline-editing ag-cell-auto-height ag-cell-value"
                        col-id="id"
                        comp-id="18"
                        role="gridcell"
                        style="width: 200px; left: 0px;  "
                        tabindex="-1"
                        unselectable="on"
                      />
                      <div
                        aria-colindex="2"
                        class="ag-cell ag-cell-not-inline-editing ag-cell-auto-height ag-cell-value"
                        col-id="name"
                        comp-id="19"
                        role="gridcell"
                        style="width: 200px; left: 200px;  "
                        tabindex="-1"
                        unselectable="on"
                      />
                    </div>
                    <div
                      aria-label="Press SPACE to select this row."
                      aria-rowindex="4"
                      class="ag-row ag-row-no-focus ag-row-even ag-row-level-0 ag-row-position-absolute"
                      comp-id="20"
                      role="row"
                      row-id="2"
                      row-index="2"
                      style="height: 45px; transform: translateY(90px); "
                    >
                      <div
                        aria-colindex="1"
                        class="ag-cell ag-cell-not-inline-editing ag-cell-auto-height ag-cell-value"
                        col-id="id"
                        comp-id="21"
                        role="gridcell"
                        style="width: 200px; left: 0px;  "
                        tabindex="-1"
                        unselectable="on"
                      />
                      <div
                        aria-colindex="2"
                        class="ag-cell ag-cell-not-inline-editing ag-cell-auto-height ag-cell-value"
                        col-id="name"
                        comp-id="22"
                        role="gridcell"
                        style="width: 200px; left: 200px;  "
                        tabindex="-1"
                        unselectable="on"
                      />
                    </div>
                    <div
                      aria-label="Press SPACE to select this row."
                      aria-rowindex="5"
                      class="ag-row ag-row-no-focus ag-row-odd ag-row-level-0 ag-row-position-absolute"
                      comp-id="23"
                      role="row"
                      row-id="3"
                      row-index="3"
                      style="height: 45px; transform: translateY(135px); "
                    >
                      <div
                        aria-colindex="1"
                        class="ag-cell ag-cell-not-inline-editing ag-cell-auto-height ag-cell-value"
                        col-id="id"
                        comp-id="24"
                        role="gridcell"
                        style="width: 200px; left: 0px;  "
                        tabindex="-1"
                        unselectable="on"
                      />
                      <div
                        aria-colindex="2"
                        class="ag-cell ag-cell-not-inline-editing ag-cell-auto-height ag-cell-value"
                        col-id="name"
                        comp-id="25"
                        role="gridcell"
                        style="width: 200px; left: 200px;  "
                        tabindex="-1"
                        unselectable="on"
                      />
                    </div>
                    <div
                      aria-label="Press SPACE to select this row."
                      aria-rowindex="6"
                      class="ag-row ag-row-no-focus ag-row-even ag-row-level-0 ag-row-position-absolute"
                      comp-id="26"
                      role="row"
                      row-id="4"
                      row-index="4"
                      style="height: 45px; transform: translateY(180px); "
                    >
                      <div
                        aria-colindex="1"
                        class="ag-cell ag-cell-not-inline-editing ag-cell-auto-height ag-cell-value"
                        col-id="id"
                        comp-id="27"
                        role="gridcell"
                        style="width: 200px; left: 0px;  "
                        tabindex="-1"
                        unselectable="on"
                      />
                      <div
                        aria-colindex="2"
                        class="ag-cell ag-cell-not-inline-editing ag-cell-auto-height ag-cell-value"
                        col-id="name"
                        comp-id="28"
                        role="gridcell"
                        style="width: 200px; left: 200px;  "
                        tabindex="-1"
                        unselectable="on"
                      />
                    </div>
                    <div
                      aria-label="Press SPACE to select this row."
                      aria-rowindex="7"
                      class="ag-row ag-row-no-focus ag-row-odd ag-row-level-0 ag-row-position-absolute"
                      comp-id="29"
                      role="row"
                      row-id="5"
                      row-index="5"
                      style="height: 45px; transform: translateY(225px); "
                    >
                      <div
                        aria-colindex="1"
                        class="ag-cell ag-cell-not-inline-editing ag-cell-auto-height ag-cell-value"
                        col-id="id"
                        comp-id="30"
                        role="gridcell"
                        style="width: 200px; left: 0px;  "
                        tabindex="-1"
                        unselectable="on"
                      />
                      <div
                        aria-colindex="2"
                        class="ag-cell ag-cell-not-inline-editing ag-cell-auto-height ag-cell-value"
                        col-id="name"
                        comp-id="31"
                        role="gridcell"
                        style="width: 200px; left: 200px;  "
                        tabindex="-1"
                        unselectable="on"
                      />
                    </div>
                    <div
                      aria-label="Press SPACE to select this row."
                      aria-rowindex="8"
                      class="ag-row ag-row-no-focus ag-row-even ag-row-level-0 ag-row-position-absolute"
                      comp-id="32"
                      role="row"
                      row-id="6"
                      row-index="6"
                      style="height: 45px; transform: translateY(270px); "
                    >
                      <div
                        aria-colindex="1"
                        class="ag-cell ag-cell-not-inline-editing ag-cell-auto-height ag-cell-value"
                        col-id="id"
                        comp-id="33"
                        role="gridcell"
                        style="width: 200px; left: 0px;  "
                        tabindex="-1"
                        unselectable="on"
                      />
                      <div
                        aria-colindex="2"
                        class="ag-cell ag-cell-not-inline-editing ag-cell-auto-height ag-cell-value"
                        col-id="name"
                        comp-id="34"
                        role="gridcell"
                        style="width: 200px; left: 200px;  "
                        tabindex="-1"
                        unselectable="on"
                      />
                    </div>
                    <div
                      aria-label="Press SPACE to select this row."
                      aria-rowindex="9"
                      class="ag-row ag-row-no-focus ag-row-odd ag-row-level-0 ag-row-position-absolute"
                      comp-id="35"
                      role="row"
                      row-id="7"
                      row-index="7"
                      style="height: 45px; transform: translateY(315px); "
                    >
                      <div
                        aria-colindex="1"
                        class="ag-cell ag-cell-not-inline-editing ag-cell-auto-height ag-cell-value"
                        col-id="id"
                        comp-id="36"
                        role="gridcell"
                        style="width: 200px; left: 0px;  "
                        tabindex="-1"
                        unselectable="on"
                      />
                      <div
                        aria-colindex="2"
                        class="ag-cell ag-cell-not-inline-editing ag-cell-auto-height ag-cell-value"
                        col-id="name"
                        comp-id="37"
                        role="gridcell"
                        style="width: 200px; left: 200px;  "
                        tabindex="-1"
                        unselectable="on"
                      />
                    </div>
                    <div
                      aria-label="Press SPACE to select this row."
                      aria-rowindex="10"
                      class="ag-row ag-row-no-focus ag-row-even ag-row-level-0 ag-row-position-absolute"
                      comp-id="38"
                      role="row"
                      row-id="8"
                      row-index="8"
                      style="height: 45px; transform: translateY(360px); "
                    >
                      <div
                        aria-colindex="1"
                        class="ag-cell ag-cell-not-inline-editing ag-cell-auto-height ag-cell-value"
                        col-id="id"
                        comp-id="39"
                        role="gridcell"
                        style="width: 200px; left: 0px;  "
                        tabindex="-1"
                        unselectable="on"
                      />
                      <div
                        aria-colindex="2"
                        class="ag-cell ag-cell-not-inline-editing ag-cell-auto-height ag-cell-value"
                        col-id="name"
                        comp-id="40"
                        role="gridcell"
                        style="width: 200px; left: 200px;  "
                        tabindex="-1"
                        unselectable="on"
                      />
                    </div>
                    <div
                      aria-label="Press SPACE to select this row."
                      aria-rowindex="11"
                      class="ag-row ag-row-no-focus ag-row-odd ag-row-level-0 ag-row-position-absolute"
                      comp-id="41"
                      role="row"
                      row-id="9"
                      row-index="9"
                      style="height: 45px; transform: translateY(405px); "
                    >
                      <div
                        aria-colindex="1"
                        class="ag-cell ag-cell-not-inline-editing ag-cell-auto-height ag-cell-value"
                        col-id="id"
                        comp-id="42"
                        role="gridcell"
                        style="width: 200px; left: 0px;  "
                        tabindex="-1"
                        unselectable="on"
                      />
                      <div
                        aria-colindex="2"
                        class="ag-cell ag-cell-not-inline-editing ag-cell-auto-height ag-cell-value"
                        col-id="name"
                        comp-id="43"
                        role="gridcell"
                        style="width: 200px; left: 200px;  "
                        tabindex="-1"
                        unselectable="on"
                      />
                    </div>
                    <div
                      aria-label="Press SPACE to select this row."
                      aria-rowindex="12"
                      class="ag-row ag-row-no-focus ag-row-even ag-row-level-0 ag-row-position-absolute"
                      comp-id="44"
                      role="row"
                      row-id="10"
                      row-index="10"
                      style="height: 45px; transform: translateY(450px); "
                    >
                      <div
                        aria-colindex="1"
                        class="ag-cell ag-cell-not-inline-editing ag-cell-auto-height ag-cell-value"
                        col-id="id"
                        comp-id="45"
                        role="gridcell"
                        style="width: 200px; left: 0px;  "
                        tabindex="-1"
                        unselectable="on"
                      />
                      <div
                        aria-colindex="2"
                        class="ag-cell ag-cell-not-inline-editing ag-cell-auto-height ag-cell-value"
                        col-id="name"
                        comp-id="46"
                        role="gridcell"
                        style="width: 200px; left: 200px;  "
                        tabindex="-1"
                        unselectable="on"
                      />
                    </div>
                  </div>
                  
                
                </div>
                
            
              </div>
              
            
              <div
                class="ag-pinned-right-cols-container ag-hidden"
                ref="eRightContainer"
                role="presentation"
                style="height: 540px;"
                unselectable="on"
              >
                <div
                  aria-label="Press SPACE to select this row."
                  aria-rowindex="2"
                  class="ag-row ag-row-no-focus ag-row-even ag-row-level-0 ag-row-position-absolute ag-row-first"
                  comp-id="14"
                  role="row"
                  row-id="0"
                  row-index="0"
                  style="height: 45px; transform: translateY(0px); "
                />
                <div
                  aria-label="Press SPACE to select this row."
                  aria-rowindex="3"
                  class="ag-row ag-row-no-focus ag-row-odd ag-row-level-0 ag-row-position-absolute"
                  comp-id="17"
                  role="row"
                  row-id="1"
                  row-index="1"
                  style="height: 45px; transform: translateY(45px); "
                />
                <div
                  aria-label="Press SPACE to select this row."
                  aria-rowindex="4"
                  class="ag-row ag-row-no-focus ag-row-even ag-row-level-0 ag-row-position-absolute"
                  comp-id="20"
                  role="row"
                  row-id="2"
                  row-index="2"
                  style="height: 45px; transform: translateY(90px); "
                />
                <div
                  aria-label="Press SPACE to select this row."
                  aria-rowindex="5"
                  class="ag-row ag-row-no-focus ag-row-odd ag-row-level-0 ag-row-position-absolute"
                  comp-id="23"
                  role="row"
                  row-id="3"
                  row-index="3"
                  style="height: 45px; transform: translateY(135px); "
                />
                <div
                  aria-label="Press SPACE to select this row."
                  aria-rowindex="6"
                  class="ag-row ag-row-no-focus ag-row-even ag-row-level-0 ag-row-position-absolute"
                  comp-id="26"
                  role="row"
                  row-id="4"
                  row-index="4"
                  style="height: 45px; transform: translateY(180px); "
                />
                <div
                  aria-label="Press SPACE to select this row."
                  aria-rowindex="7"
                  class="ag-row ag-row-no-focus ag-row-odd ag-row-level-0 ag-row-position-absolute"
                  comp-id="29"
                  role="row"
                  row-id="5"
                  row-index="5"
                  style="height: 45px; transform: translateY(225px); "
                />
                <div
                  aria-label="Press SPACE to select this row."
                  aria-rowindex="8"
                  class="ag-row ag-row-no-focus ag-row-even ag-row-level-0 ag-row-position-absolute"
                  comp-id="32"
                  role="row"
                  row-id="6"
                  row-index="6"
                  style="height: 45px; transform: translateY(270px); "
                />
                <div
                  aria-label="Press SPACE to select this row."
                  aria-rowindex="9"
                  class="ag-row ag-row-no-focus ag-row-odd ag-row-level-0 ag-row-position-absolute"
                  comp-id="35"
                  role="row"
                  row-id="7"
                  row-index="7"
                  style="height: 45px; transform: translateY(315px); "
                />
                <div
                  aria-label="Press SPACE to select this row."
                  aria-rowindex="10"
                  class="ag-row ag-row-no-focus ag-row-even ag-row-level-0 ag-row-position-absolute"
                  comp-id="38"
                  role="row"
                  row-id="8"
                  row-index="8"
                  style="height: 45px; transform: translateY(360px); "
                />
                <div
                  aria-label="Press SPACE to select this row."
                  aria-rowindex="11"
                  class="ag-row ag-row-no-focus ag-row-odd ag-row-level-0 ag-row-position-absolute"
                  comp-id="41"
                  role="row"
                  row-id="9"
                  row-index="9"
                  style="height: 45px; transform: translateY(405px); "
                />
                <div
                  aria-label="Press SPACE to select this row."
                  aria-rowindex="12"
                  class="ag-row ag-row-no-focus ag-row-even ag-row-level-0 ag-row-position-absolute"
                  comp-id="44"
                  role="row"
                  row-id="10"
                  row-index="10"
                  style="height: 45px; transform: translateY(450px); "
                />
              </div>
              
            
              <div
                class="ag-full-width-container"
                ref="eFullWidthContainer"
                role="presentation"
                style="height: 540px;"
                unselectable="on"
              />
              
        
            </div>
            
        
            <div
              class="ag-floating-bottom"
              ref="eBottom"
              role="presentation"
              style="min-height: 0px; height: 0px; display: none; overflow-y: hidden;"
              unselectable="on"
            >
              
            
              <div
                class="ag-pinned-left-floating-bottom ag-hidden"
                ref="eLeftBottom"
                role="presentation"
                unselectable="on"
              />
              
            
              <div
                class="ag-floating-bottom-viewport"
                ref="eBottomViewport"
                role="presentation"
                unselectable="on"
              >
                
                
                <div
                  class="ag-floating-bottom-container"
                  ref="eBottomContainer"
                  role="presentation"
                  style="width: 1000px;"
                  unselectable="on"
                />
                
            
              </div>
              
            
              <div
                class="ag-pinned-right-floating-bottom ag-hidden"
                ref="eRightBottom"
                role="presentation"
                unselectable="on"
              />
              
            
              <div
                class="ag-floating-bottom-full-width-container ag-hidden"
                ref="eBottomFullWidthContainer"
                role="presentation"
                unselectable="on"
              />
              
        
            </div>
            
        
            <div
              aria-hidden="true"
              class="ag-body-horizontal-scroll"
              ref="eHorizontalScrollBody"
              style="height: 0px; max-height: 0px; min-height: 0px;"
            >
              
            
              <div
                class="ag-horizontal-left-spacer"
                ref="eHorizontalLeftSpacer"
                style="width: 0px; max-width: 0px; min-width: 0px;"
              />
              
            
              <div
                class="ag-body-horizontal-scroll-viewport"
                ref="eBodyHorizontalScrollViewport"
                style="height: 0px; max-height: 0px; min-height: 0px;"
              >
                
                
                <div
                  class="ag-body-horizontal-scroll-container"
                  ref="eBodyHorizontalScrollContainer"
                  style="width: 1000px; height: 0px; max-height: 0px; min-height: 0px;"
                />
                
            
              </div>
              
            
              <div
                class="ag-horizontal-right-spacer"
                ref="eHorizontalRightSpacer"
                style="width: 0px; max-width: 0px; min-width: 0px;"
              />
              
        
            </div>
            
        
            <!--AG-OVERLAY-WRAPPER-->
            <div
              aria-hidden="true"
              class="ag-overlay ag-hidden"
              ref="overlayWrapper"
            >
              
            
              <div
                class="ag-overlay-panel"
              >
                
                
                <div
                  class="ag-overlay-wrapper ag-layout-normal"
                  ref="eOverlayWrapper"
                />
                
            
              </div>
              
        
            </div>
            
    
          </div>
          
                    
                
          <div
            class="ag-tab-guard ag-tab-guard-bottom"
            role="presentation"
            tabindex="0"
          />
        </div>
        
                
                
        <!--AG-PAGINATION-->
        <div
          aria-describedby="ag-4-start-page ag-4-start-page-number ag-4-of-page ag-4-of-page-number ag-4-first-row ag-4-to ag-4-last-row ag-4-of ag-4-row-count"
          aria-live="polite"
          class="ag-paging-panel ag-unselectable ag-hidden"
          id="ag-4"
        >
          
                
          <span
            aria-hidden="true"
            class="ag-paging-row-summary-panel"
          >
            
                    
            <span
              class="ag-paging-row-summary-panel-number"
              id="ag-4-first-row"
              ref="lbFirstRowOnPage"
            />
            
                    
            <span
              id="ag-4-to"
            >
              to
            </span>
            
                    
            <span
              class="ag-paging-row-summary-panel-number"
              id="ag-4-last-row"
              ref="lbLastRowOnPage"
            />
            
                    
            <span
              id="ag-4-of"
            >
              of
            </span>
            
                    
            <span
              class="ag-paging-row-summary-panel-number"
              id="ag-4-row-count"
              ref="lbRecordCount"
            />
            
                
          </span>
          
                
          <span
            class="ag-paging-page-summary-panel"
            role="presentation"
          >
            
                    
            <div
              aria-label="First Page"
              class="ag-paging-button"
              ref="btFirst"
              role="button"
              tabindex="0"
            >
              <span
                class="ag-icon ag-icon-first"
                role="presentation"
                unselectable="on"
              />
            </div>
            
                    
            <div
              aria-label="Previous Page"
              class="ag-paging-button"
              ref="btPrevious"
              role="button"
              tabindex="0"
            >
              <span
                class="ag-icon ag-icon-previous"
                role="presentation"
                unselectable="on"
              />
            </div>
            
                    
            <span
              aria-hidden="true"
              class="ag-paging-description"
            >
              
                        
              <span
                id="ag-4-start-page"
              >
                Page
              </span>
              
                        
              <span
                class="ag-paging-number"
                id="ag-4-start-page-number"
                ref="lbCurrent"
              />
              
                        
              <span
                id="ag-4-of-page"
              >
                of
              </span>
              
                        
              <span
                class="ag-paging-number"
                id="ag-4-of-page-number"
                ref="lbTotal"
              />
              
                    
            </span>
            
                    
            <div
              aria-label="Next Page"
              class="ag-paging-button"
              ref="btNext"
              role="button"
              tabindex="0"
            >
              <span
                class="ag-icon ag-icon-next"
                role="presentation"
                unselectable="on"
              />
            </div>
            
                    
            <div
              aria-label="Last Page"
              class="ag-paging-button"
              ref="btLast"
              role="button"
              tabindex="0"
            >
              <span
                class="ag-icon ag-icon-last"
                role="presentation"
                unselectable="on"
              />
            </div>
            
                
          </span>
          
            
        </div>
        
                
            
      </div>
    </div>
  </div>
</div>
`;
